C51 COMPILER V9.59.0.0   MAIN                                                              11/15/2023 19:11:24 PAGE 1   


C51 COMPILER V9.59.0.0, COMPILATION OF MODULE MAIN
OBJECT MODULE PLACED IN .\Objects\main.obj
COMPILER INVOKED BY: C:\Keil_v5\C51\BIN\C51.EXE main.c OPTIMIZE(8,SPEED) BROWSE DEBUG OBJECTEXTEND PRINT(.\Listings\main
                    -.lst) TABS(2) OBJECT(.\Objects\main.obj)

line level    source

   1          //including required lib's
   2          #include"simple_dc_motorcontrol.h"
   3          
   4          //forward decleration of user defined function
   5          void delay(unsigned int);                                         //delay function with one parameter
   6          
   7          void main()                                                       //main function
   8          {
   9   1        EN1 = 1;                                                        //enable is high
  10   1        
  11   1        while(1)                                                        //forever loop (or we can use for(;;))
  12   1        {
  13   2          if(forword_motion_switch == 0)                                //if forword_motion_switch is active low then, 
  14   2          {
  15   3            delay(30);                                                  //calling delay function with 30
  16   3            forword_motion();                                           //calling forward_motion() function for clockwise rotation of mo
             -tor
  17   3          }
  18   2          
  19   2          else if (reverse_motion_switch == 0)                          //else if reverse_motion_switch is active low then, 
  20   2          {
  21   3            delay(30);                                                  //calling delay function with 30
  22   3            reverse_motion();                                           //calling reverse_motion() function for anti-clockwise rotation 
             -of motor
  23   3          }
  24   2          else if (stop_motion_switch == 0)                             //else if stop_motion_switch is active low then, 
  25   2          {
  26   3            delay(30);                                                  //calling delay function with 30
  27   3            stop_motion();                                              //calling stop_motion() function to stop rotation of motor
  28   3          }
  29   2        }
  30   1      }
  31          
  32          //function defination of user defined funcations
  33          void delay(unsigned int time)                                     //delay function with one parameter called time
  34          {
  35   1        unsigned int i,j;                                               //decleration of variables
  36   1        for(i = 0; i < time; i++)                                       //for loop
  37   1        {
  38   2          for(j = 0; j < 1000; j++);                                    //nested for loop
  39   2        }
  40   1      }


MODULE INFORMATION:   STATIC OVERLAYABLE
   CODE SIZE        =     71    ----
   CONSTANT SIZE    =   ----    ----
   XDATA SIZE       =   ----    ----
   PDATA SIZE       =   ----    ----
   DATA SIZE        =   ----    ----
   IDATA SIZE       =   ----    ----
   BIT SIZE         =   ----    ----
END OF MODULE INFORMATION.


C51 COMPILATION COMPLETE.  0 WARNING(S),  0 ERROR(S)
